[www.google-analytics.com/analytics.js]
[www.aston.ac.uk/themes/custom/aston_university/favicon.ico]
[www.aston.ac.uk/sites/default/files/eu_cookie_compliance/eu_cookie_compliance.scriptb0bc.js]
[backblue.gif]
[fade.gif]
[index.html]
[www.aston.ac.uk/sites/default/files/css/css_BRnFTYSr5YgI1prxGQK3jphgeSwb6QqpthsS3TJ7iPU.css]
[use.fontawesome.com/releases/v5.13.1/css/all.css]
[use.fontawesome.com/releases/v5.13.1/css/v4-shims.css]
[www.aston.ac.uk/sites/default/files/css/css_pvNDAEoAhA0Skw-IcrHfE0YgsnqSBEFfhSaTS1FtPYY.css]
[cdnjs.cloudflare.com/ajax/libs/Swiper/4.1.6/css/swiper.min.css]
[www.aston.ac.uk/sites/default/files/css/css_AwLr-Rb3LT8lyPhgiOAMG_uXJ9ReGT14r47LUvto73Q.css]
[cdn.jsdelivr.net/npm/select2@4.0.13/dist/css/select2.min.css]
[www.aston.ac.uk/themes/custom/aston_university/logo.svg]
[www.aston.ac.uk/sites/default/files/2022-11/climate-change-homepage-banner.jpg]
[www.aston.ac.uk/sites/default/files/Website map 2020 (1).png]
[www.aston.ac.uk/sites/default/files/inline-images/QAA_badge-drupal.png]
[www.aston.ac.uk/sites/default/files/inline-images/uni-of-the-year-140x96_0.jpg]
[www.aston.ac.uk/sites/default/files/js/js_dygiWvOM6sYz7m-yrTGexVntjw07DI42Y6xT3JG5FT8.js]
[cdnjs.cloudflare.com/ajax/libs/Swiper/4.1.6/js/swiper.min.js]
[cdn.jsdelivr.net/npm/select2@4.0.13/dist/js/select2.min.js]
[www.aston.ac.uk/sites/default/files/js/js_8BUlgxPY5htLngxuFvYsOovo54jKhXzD_JUtQD9HiC0.js]
[www.aston.ac.uk/themes/custom/aston_university/js/countup/dist/countUpb0bc.js]
[www.aston.ac.uk/themes/custom/aston_university/js/bbd.count.upb0bc.js]
[www.aston.ac.uk/sites/default/files/js/js_rQoIDrSYr7XUbCebZ4_DL9BLVMsJov0OmhzsR8ruITY.js]
[www.aston.ac.uk/modules/contrib/eu_cookie_compliance/js/eu_cookie_compliance.mincd92.js]
[www.aston.ac.uk/index.html]
[www.aston.ac.uk/sites/default/files/js/js_8JzNSSGSCxRSyrcxWROtbzhE97VuIw6ibct0hEZnOkM.js]
[www.aston.ac.uk/core/misc/tree.png]
[www.aston.ac.uk/core/misc/tree-bottom.png]
[www.aston.ac.uk/modules/contrib/eu_cookie_compliance/images/gradient.png]
[www.aston.ac.uk/modules/contrib/eu_cookie_compliance/images/close.png]
[www.aston.ac.uk/core/assets/vendor/jquery.ui/themes/base/images/ui-icons_444444_256x240.png]
[www.aston.ac.uk/core/assets/vendor/jquery.ui/themes/base/images/ui-icons_555555_256x240.png]
[www.aston.ac.uk/core/assets/vendor/jquery.ui/themes/base/images/ui-icons_ffffff_256x240.png]
[www.aston.ac.uk/core/assets/vendor/jquery.ui/themes/base/images/ui-icons_777620_256x240.png]
[www.aston.ac.uk/core/assets/vendor/jquery.ui/themes/base/images/ui-icons_cc0000_256x240.png]
[www.aston.ac.uk/core/assets/vendor/jquery.ui/themes/base/images/ui-icons_777777_256x240.png]
[www.aston.ac.uk/modules/contrib/back_to_top/backtotop.png]
[www.aston.ac.uk/modules/contrib/back_to_top/backtotop2x.png]
[www.aston.ac.uk/sites/default/files/css/css_BRnFTYSr5YgI1prxGQK3jphgeSwb6QqpthsS3TJ7iPU.css]
[use.fontawesome.com/releases/v5.13.1/css/all.css]
[use.fontawesome.com/releases/v5.13.1/css/v4-shims.css]
[www.aston.ac.uk/sites/default/files/css/css_pvNDAEoAhA0Skw-IcrHfE0YgsnqSBEFfhSaTS1FtPYY.css]
[www.aston.ac.uk/themes/custom/aston_university/bootstrap/assets/fonts/bootstrap/glyphicons-halflings-regular.eot]
[www.aston.ac.uk/themes/custom/aston_university/bootstrap/assets/fonts/bootstrap/glyphicons-halflings-regulard41d.eot]
[www.aston.ac.uk/themes/custom/aston_university/bootstrap/assets/fonts/bootstrap/glyphicons-halflings-regular.woff2]
[www.aston.ac.uk/themes/custom/aston_university/bootstrap/assets/fonts/bootstrap/glyphicons-halflings-regular.woff]
[www.aston.ac.uk/themes/custom/aston_university/bootstrap/assets/fonts/bootstrap/glyphicons-halflings-regular.ttf]
[www.aston.ac.uk/themes/custom/aston_university/bootstrap/assets/fonts/bootstrap/glyphicons-halflings-regular.svg]
[www.aston.ac.uk/themes/custom/aston_university/images/loading-animation.gif]
[www.aston.ac.uk/themes/custom/aston_university/images/mortar-board-large-white.svg]
[www.aston.ac.uk/themes/custom/aston_university/images/bookmark-large-grey.svg]
[www.aston.ac.uk/themes/custom/aston_university/images/sprite.png]
[www.aston.ac.uk/themes/custom/aston_university/images/grid-grey.svg]
[www.aston.ac.uk/themes/custom/aston_university/images/list-grey.svg]
[www.aston.ac.uk/themes/custom/aston_university/images/bookmark-large-purple.svg]
[www.aston.ac.uk/themes/custom/aston_university/images/tick-small-purple.svg]
[www.aston.ac.uk/themes/custom/aston_university/images/whiteright.png]
[www.aston.ac.uk/themes/custom/aston_university/images/looking-glass-large-grey.svg]
[www.aston.ac.uk/themes/custom/aston_university/images/social-facebook-white.svg]
[www.aston.ac.uk/themes/custom/aston_university/images/social-twitter-white.svg]
[www.aston.ac.uk/themes/custom/aston_university/images/social-instagram-white.svg]
[www.aston.ac.uk/themes/custom/aston_university/images/social-linkedin-white.svg]
[www.aston.ac.uk/themes/custom/aston_university/images/social-youtube-white.svg]
[www.aston.ac.uk/themes/custom/aston_university/images/social-snapchat-white.svg]
[www.aston.ac.uk/themes/custom/aston_university/images/social-tsr-white.svg]
[www.aston.ac.uk/themes/custom/aston_university/images/social-pencil-white.svg]
[www.aston.ac.uk/themes/custom/aston_university/images/social-chat-white.svg]
[www.aston.ac.uk/themes/custom/aston_university/images/bookmark-large-white.svg]
[www.aston.ac.uk/themes/custom/aston_university/images/icon-pdf.png]
[www.aston.ac.uk/themes/custom/aston_university/images/icon-doc.png]
[www.aston.ac.uk/themes/custom/aston_university/images/icon-xls.png]
[www.aston.ac.uk/themes/custom/aston_university/images/icon-ppt.png]
[www.aston.ac.uk/themes/custom/aston_university/images/play.png]
[www.aston.ac.uk/themes/custom/aston_university/images/cookies.png]
[www.aston.ac.uk/sites/default/files/css/css_AwLr-Rb3LT8lyPhgiOAMG_uXJ9ReGT14r47LUvto73Q.css]
[cdnjs.cloudflare.com/ajax/libs/Swiper/4.1.6/css/swiper.min.css]
[cdn.jsdelivr.net/npm/select2@4.0.13/dist/css/select2.min.css]
[www.googletagmanager.com/gtm5445.html]
[www.aston.ac.uk/themes/custom/aston_university/logo.svg]
[www.aston.ac.uk/sites/default/files/css/css_BDpjiTfpP2igYkbgWp2CiBK34iaRRYkfvIHEcliyTJY.css]
[www.aston.ac.uk/sites/default/files/css/css_JPLXieIPecGFkdxDdkQVOiOKKgZvQjWW2MkcvYHEvUM.css]
[www.aston.ac.uk/sites/default/files/css/css_ZITZWJSXiMArvHZuT_rgF29YNkLCgCMfS1uxZj6wGN8.css]
[www.aston.ac.uk/sites/default/files/2021-04/aston-university-campus-tour-exterior_0.jpg]
[www.aston.ac.uk/sites/default/files/styles/ui_card_image_800x600/public/2021-08/Campus exterior 0357438.jpg]
[www.aston.ac.uk/sites/default/files/styles/ui_card_image_800x600/public/2021-04/Business stock 005 (1)2d86.jpg]
[www.aston.ac.uk/sites/default/files/styles/ui_card_image_800x600/public/2020-09/History-Banner642e.gif]
[www.aston.ac.uk/sites/default/files/styles/ui_card_image_800x600/public/2022-11/uoty-about-au_20abe.png]
[www.aston.ac.uk/sites/default/files/styles/ui_card_image_800x600/public/2020-12/aston-languages-for-all-course-uiad2a.jpg]
[www.aston.ac.uk/sites/default/files/styles/ui_card_image_800x600/public/2020-12/aston-acnrg-uid8eb.jpg]
[www.aston.ac.uk/sites/default/files/styles/ui_card_image_800x600/public/2022-08/prof-aleks-subic-card_0db8b.jpg]
[www.aston.ac.uk/sites/default/files/styles/ui_card_image_800x600/public/2020-12/mba-degrees6b99.jpg]
[www.aston.ac.uk/sites/default/files/2022-04/Carbon RoadMap.pdf]
[www.aston.ac.uk/sites/default/files/js/js_kEntkEMKmDeeJpyaBcEjEwtuTDbQpF74ItZYoF1-SGg.js]
[www.aston.ac.uk/about.html]
[www.aston.ac.uk/sites/default/files/js/js_UDTsWjpKrdJF-vjLX36w2d50ZTQHqa4c8GS9OPqZvR4.js]
[www.aston.ac.uk/sites/default/files/css/css_Mi1CysIGFSF1itmb0jx2SqASkWt69FcA725xUcPUeNM.css]
[www.aston.ac.uk/sites/default/files/css/css_7imT4h5KzNoOvP4Dj36FQr6MwraKnLC2OC7e9-fCk5c.css]
[www.aston.ac.uk/sites/default/files/2022-08/aston-university-1903x630px-6.jpg]
[www.aston.ac.uk/sites/default/files/2022-09/128443-aston-university-a4-leaflet.pdf]
[www.aston.ac.uk/sites/default/files/styles/ui_card_image_800x600/public/2022-08/aston-campus-exterior-bannerbee2.jpg]
[www.aston.ac.uk/sites/default/files/styles/ui_card_image_800x600/public/2021-10/aston-campus-home-banner59a0.jpg]
[www.aston.ac.uk/sites/default/files/styles/ui_card_image_800x600/public/2022-01/Campus exterior 004 (3)9d77.jpg]
[www.aston.ac.uk/sites/default/files/styles/ui_card_image_800x600/public/2022-02/Grand Central Birmingham_0d60c.jpg]
[www.aston.ac.uk/sites/default/files/2022-09/faqs-applicants (1).pdf]
[www.aston.ac.uk/sites/default/files/2022-09/technical-faqs (1).pdf]
[www.aston.ac.uk/sites/default/files/2022-09/Recruitment and Employment of Ex-Offenders Policy (1).pdf]
[www.aston.ac.uk/staff-public/hr/jobs.html]
[www.aston.ac.uk/sites/default/files/css/css_N1fjwp3sCE7GgM8XyLuh6wn19cVPDYPZgr0akoh5vlg.css]
[www.aston.ac.uk/sites/default/files/js/js_My9Hz6gH0c54VUWblo8cztwe5w86QEGPwU11MfUizms.js]
[www.aston.ac.uk/sites/default/files/css/css_nACgfOGuurrJoT3lK4OoximTaVMdU2GtxYHPMbm9F6c.css]
[www.aston.ac.uk/sites/default/files/js/js_evVeciDrD28hSFVXfGmmhs9AMoRlrqKRyE_APrmMJSs.js]
[www.aston.ac.uk/latest-news.html]
[www.aston.ac.uk/sites/default/files/js/js_kkabl_rTMILWw0kLzMi81XlPWre7e--dBxo0y9CxCKQ.js]
[www.aston.ac.uk/sites/default/files/Council-Effectiveness-Review-Aston-University_0.pdf]
[www.aston.ac.uk/sites/default/files/styles/ui_card_image_800x600/public/2020-12/Boardroom6d0f.jpg]
[www.aston.ac.uk/about/governance-management.html]
[www.aston.ac.uk/sites/default/files/2020-09/History-Banner.gif]
[www.aston.ac.uk/sites/default/files/styles/ui_card_image_800x600/public/2022-04/Students 091ff50.jpg]
[www.aston.ac.uk/sites/default/files/styles/ui_card_image_800x600/public/inline-images/Virtual Aston Grads July 2020_03b60.jpg]
[www.aston.ac.uk/sites/default/files/styles/ui_card_image_800x600/public/inline-images/au-campus-news-v29633.jpg]
[www.aston.ac.uk/sites/default/files/styles/ui_card_image_800x600/public/2021-06/Students PG ABS 026 (1) (1)14fe.jpg]
[www.aston.ac.uk/about/history.html]
[www.aston.ac.uk/sites/default/files/css/css_3XfK-I1gKUiwywlIBoDZUYPPWnN7JXW3BWN4IvPJTvQ.css]
[www.aston.ac.uk/sites/default/files/2021-03/birmingham banner 4.jpg]
[www.aston.ac.uk/sites/default/files/Aston University Civic University Agreement.pdf]
[www.aston.ac.uk/sites/default/files/inline-images/Civic Agreement Diagram-final.png]
[www.aston.ac.uk/sites/default/files/2021-07/impact-region.png]
[www.aston.ac.uk/sites/default/files/styles/large/public/2021-07/impact-region4c24.png]
[www.aston.ac.uk/sites/default/files/styles/ui_card_image_800x600/public/2021-02/CREME Teamf960.jpg]
[www.aston.ac.uk/sites/default/files/styles/ui_card_image_800x600/public/2021-03/management89b3.png]
[www.aston.ac.uk/sites/default/files/styles/ui_card_image_800x600/public/2020-12/aston-business-school-alumni-profiles-uibe85.jpg]
[www.aston.ac.uk/sites/default/files/styles/ui_card_image_800x600/public/2020-12/aston-ace-research-publication-uide03.jpg]
[www.aston.ac.uk/sites/default/files/styles/ui_card_image_800x600/public/2021-05/human-resources452b.png]
[www.aston.ac.uk/sites/default/files/styles/ui_card_image_800x600/public/2020-10/sro-employer-card-5-10-2020134f.jpg]
[www.aston.ac.uk/sites/default/files/styles/ui_card_image_800x600/public/2021-04/student union (4) (1) (1)e449.jpg]
[www.aston.ac.uk/sites/default/files/styles/ui_card_image_800x600/public/2021-02/aston-careers-and-placements-0205808.jpg]
[www.aston.ac.uk/sites/default/files/2021-05/aston-uni-citizens-uk.jpg]
[www.aston.ac.uk/sites/default/files/inline-images/aston-uni-aston-villa-foundation.jpg]
[www.aston.ac.uk/sites/default/files/inline-images/LoveBrum-Logo- (1).jpg]
[www.aston.ac.uk/sites/default/files/inline-images/aston-uni-midlands-innovation.jpg]
[www.aston.ac.uk/sites/default/files/inline-images/aston-uni-chamber-of-commerce-birmingham.jpg]
[www.aston.ac.uk/sites/default/files/inline-images/aston-uni-west-midlands-growth-company.jpg]
[www.aston.ac.uk/sites/default/files/Villa vision project infographic 2022.pdf]
[www.aston.ac.uk/sites/default/files/styles/ui_card_image_800x600/public/2020-12/Seminardcfa.png]
[www.aston.ac.uk/sites/default/files/styles/ui_card_image_800x600/public/2021-02/aston-sport-aston-gym-UI-Card-480x3209024.jpg]
[www.aston.ac.uk/sites/default/files/styles/ui_card_image_800x600/public/2021-05/campus ABS 00244ff.jpg]
[www.aston.ac.uk/sites/default/files/styles/ui_card_image_800x600/public/2021-02/student union (1) (1)_0a5ad.jpg]
[www.aston.ac.uk/sites/default/files/inline-images/angela-jeffery.png]
[www.aston.ac.uk/sites/default/files/inline-images/Mark Smith.png]
[www.aston.ac.uk/sites/default/files/inline-images/Hannah McConaghy website photo.jpg]
[www.aston.ac.uk/sites/default/files/inline-images/Rosa-Amato-profile-pic (1)_0.png]
[www.aston.ac.uk/sites/default/files/inline-images/prof-jo-andrews.jpg]
[www.aston.ac.uk/about/region-and-society.html]
[www.aston.ac.uk/sites/default/files/js/js_CsviBSqYyYblVZSxzBoIWGUeSvLldG1KHiYdO76Mhqs.js]
[www.aston.ac.uk/sites/default/files/2021-05/Campus exterior 021.jpg]
[www.aston.ac.uk/about/visit/contact.html]
[www.aston.ac.uk/sites/default/files/2022-01/our-commitment-to-you-hero.png]
[www.aston.ac.uk/sites/default/files/styles/large/public/2022-01/our-commitment-to-you-hero7135.png]
[www.aston.ac.uk/sites/default/files/2022-01/au-listening-to-you-v2.png]
[www.aston.ac.uk/sites/default/files/2022-01/au-meeting-your-needs-v2.png]
[www.aston.ac.uk/sites/default/files/2022-01/au-taking-responsibility-v2.png]
[www.aston.ac.uk/sites/default/files/2022-01/au-easy-and-welcoming-v2.png]
[www.aston.ac.uk/about/our-commitment-to-you.html]
[www.aston.ac.uk/sites/default/files/css/css_YPNF8h9gTtNEVZpcXibO1Q_3ex_0eqgfjj0XiHZjL9c.css]
[www.aston.ac.uk/sites/default/files/2020-11/aston-rankings-hero.jpg]
[www.aston.ac.uk/sites/default/files/2021-09/Awards_shortlist categories_MPU_University of the Year (1).jpg]
[www.aston.ac.uk/sites/default/files/2021-01/hls-research-card.jpg]
[www.aston.ac.uk/sites/default/files/2021-02/informtion for students.jpg]
[www.aston.ac.uk/sites/default/files/inline-images/UOTY 2020_Facebook post.png]
[www.aston.ac.uk/sites/default/files/2020-12/Campus exterior 021.jpg]
[www.aston.ac.uk/sites/default/files/2021-02/aston-ssh-advisory-board-ui-card.jpg]
[www.aston.ac.uk/undergraduate/why-aston/rankings.html]
[www.aston.ac.uk/sites/default/files/2021-07/current-students-banner.jpg]
[www.aston.ac.uk/sites/default/files/Minister Donelan_letter to students_Ukraine.pdf]
[www.aston.ac.uk/sites/default/files/styles/ui_card_image_800x600/public/2021-07/map-card3e19.jpg]
[www.aston.ac.uk/sites/default/files/styles/ui_card_image_800x600/public/2021-06/students-pg-abs-research-coursea8c1.jpg]
[www.aston.ac.uk/sites/default/files/styles/ui_card_image_800x600/public/2021-04/Computer Science 016bfe2.jpg]
[www.aston.ac.uk/sites/default/files/styles/ui_card_image_800x600/public/2021-04/Students PG ABS 0031b22.jpg]
[www.aston.ac.uk/sites/default/files/styles/ui_card_image_800x600/public/2021-07/timetable-cardea36.jpg]
[www.aston.ac.uk/sites/default/files/styles/ui_card_image_800x600/public/2021-07/term-datesb628.jpg]
[www.aston.ac.uk/sites/default/files/styles/ui_card_image_800x600/public/2021-07/support-services-cardfe09.jpg]
[www.aston.ac.uk/sites/default/files/styles/ui_card_image_800x600/public/2021-07/sport-aston-cardf67d.jpg]
[www.aston.ac.uk/sites/default/files/styles/ui_card_image_800x600/public/2021-07/IT Helpdesk card6789.jpg]
[www.aston.ac.uk/sites/default/files/styles/ui_card_image_800x600/public/2021-02/teaching banner f8ce.jpg]
[www.aston.ac.uk/sites/default/files/styles/ui_card_image_800x600/public/2021-04/DVD library 0049382.jpg]
[www.aston.ac.uk/sites/default/files/styles/ui_card_image_800x600/public/2021-04/Campus exterior 021 (2) (1)be72.jpg]
[www.aston.ac.uk/sites/default/files/styles/ui_card_image_800x600/public/2022-03/ptes-logob174.png]
[www.aston.ac.uk/sites/default/files/styles/ui_card_image_800x600/public/2021-07/keeping-safe-card18b3.jpg]
[www.aston.ac.uk/sites/default/files/styles/ui_card_image_800x600/public/2020-11/accommodation-new-students-card01d6.jpg]
[www.aston.ac.uk/sites/default/files/styles/ui_card_image_800x600/public/2021-07/students-union-card2fbc.jpg]
[www.aston.ac.uk/sites/default/files/styles/ui_card_image_800x600/public/2021-02/Graduation 011_036ac.jpg]
[www.aston.ac.uk/sites/default/files/styles/ui_card_image_800x600/public/2021-07/online-shop-card1948.jpg]
[www.aston.ac.uk/sites/default/files/styles/ui_card_image_800x600/public/2021-07/student-charterd8ca.jpg]
[www.aston.ac.uk/sites/default/files/2022-02/covid-info.jpg]
[www.aston.ac.uk/sites/default/files/styles/large/public/2022-02/covid-info9f52.jpg]
[www.aston.ac.uk/current-students.html]
[www.aston.ac.uk/sites/default/files/css/css_u1ooCQ05Um0Xo-gKsaib-usB99EGZDS7wb9u2woF9kY.css]
[www.aston.ac.uk/sites/default/files/2021-03/aston-uni-birmingham-skyline.jpg]
[www.aston.ac.uk/sites/default/files/2021-03/aston-university-of-the-year-2020.jpg]
[www.aston.ac.uk/sites/default/files/2021-03/times-higher-education-outstanding-entrepreneurial-university.jpg]
[www.aston.ac.uk/sites/default/files/inline-images/Awards_shortlist categories_Twitter_University of the Year_0.jpg]
[www.aston.ac.uk/sites/default/files/styles/ui_card_image_800x600/public/2020-12/aston-eas-student-equality-ui7ce3.jpg]
[www.aston.ac.uk/sites/default/files/styles/ui_card_image_800x600/public/2021-02/postgraduate ABS-Cropped-601x4009e24.jpg]
[www.aston.ac.uk/sites/default/files/styles/ui_card_image_800x600/public/2021-09/aston-abs-ui-card_05575.jpg]
[www.aston.ac.uk/sites/default/files/styles/ui_card_image_800x600/public/2021-07/group image9ff1.jpg]
[www.aston.ac.uk/sites/default/files/styles/ui_card_image_800x600/public/2021-02/International partners_0bb0b.jpg]
[www.aston.ac.uk/sites/default/files/2020-11/strategic international networks.jpg]
[www.aston.ac.uk/sites/default/files/styles/large/public/2020-11/strategic international networksfb39.jpg]
[www.aston.ac.uk/sites/default/files/styles/ui_card_image_800x600/public/2020-05/Aston-Graduation-018 (1)6be1.jpg]
[www.aston.ac.uk/sites/default/files/styles/ui_card_image_800x600/public/inline-images/Placements 2a9a4.jpg]
[www.aston.ac.uk/sites/default/files/2020-06/Birmingham bull ring union jack (1) (1).jpg]
[www.aston.ac.uk/sites/default/files/styles/ui_card_image_800x600/public/2020-04/international-foundation-programme-in-engineering-and-applied-science-hero-09-04-]
[www.aston.ac.uk/sites/default/files/styles/large/public/2020-06/Birmingham bull ring union jack (1) (1)9f08.jpg]
[www.aston.ac.uk/sites/default/files/styles/ui_card_image_800x600/public/2021-04/Business stock 005c989.jpg]
[www.aston.ac.uk/sites/default/files/styles/ui_card_image_800x600/public/2021-02/Healthcare outreach champions08ec.jpg]
[www.aston.ac.uk/sites/default/files/styles/ui_card_image_800x600/public/2021-04/country visits-Cropped-601x3992b66.jpg]
[www.aston.ac.uk/sites/default/files/styles/ui_card_image_800x600/public/2021-03/Students PG ABS 015 (1) (1)2eb4.jpg]
[www.aston.ac.uk/sites/default/files/styles/ui_card_image_800x600/public/2021-04/Aston-university-group-studentse303.jpg]
[www.aston.ac.uk/sites/default/files/styles/ui_card_image_800x600/public/2021-02/Data laptop1c10.jpg]
[www.aston.ac.uk/sites/default/files/styles/ui_card_image_800x600/public/2020-12/aston-eas-staff-equality-ui9666.jpg]
[www.aston.ac.uk/sites/default/files/js/js_tAOci0z6w7Mt5H6GCvqnBi9b7yrIWPhmuBJiPuDagkE.js]
[www.aston.ac.uk/international.html]
[www.aston.ac.uk/sites/default/files/js/js_zWeRn9K5TFbu7PjnPDbuc5iuEENJs3-fcI-SCRhGOC0.js]
[www.aston.ac.uk/sites/default/files/2022-08/banner.jpg]
[www.aston.ac.uk/sites/default/files/styles/ui_card_image_800x600/public/2020-09/develop-your-business-card-9-10-20207531.jpg]
[www.aston.ac.uk/sites/default/files/styles/ui_card_image_800x600/public/2020-12/aston-abs-accedmic-professional-services-ui-cardd9cb.jpg]
[www.aston.ac.uk/sites/default/files/styles/ui_card_image_800x600/public/2020-11/strategic international networksa68d.jpg]
[www.aston.ac.uk/sites/default/files/styles/ui_card_image_800x600/public/2022-08/dsc_4500025c.jpg]
[www.aston.ac.uk/sites/default/files/styles/ui_card_image_800x600/public/2020-12/Campus exterior 02175e9.jpg]
[www.aston.ac.uk/sites/default/files/styles/ui_card_image_800x600/public/2021-03/Campus exterior 020 (1)49ea.jpg]
[www.aston.ac.uk/sites/default/files/2021-02/Aston Auntie 002.jpg]
[www.aston.ac.uk/alumni.html]
[www.aston.ac.uk/sites/default/files/css/css_btw2iG7-pbeONOtW0O2FnmrQZAZcM1GAmpj4plpJS2g.css]
[www.aston.ac.uk/courses.html]
[www.aston.ac.uk/sites/default/files/2020-03/wide-banner.jpg]
[www.aston.ac.uk/sites/default/files/css/css_f9B0y8aEjYytJPxeSJ6DDVT3vvvsRKH5UPcatFcHhbA.css]
[www.aston.ac.uk/sites/default/files/2020-03/subject-09_0.jpg]
[www.aston.ac.uk/sites/default/files/js/js_EOU-Jc_CYH6deDh6qxb1-pBIKsOkskhjRNGu1G1sT_M.js]
[www.aston.ac.uk/courses-subject.html]
[www.aston.ac.uk/sites/default/files/js/js_nUwRMBtrf6KJOT97vvZbEsmVbu7FNw6T-4oLa_gkkkU.js]
[www.aston.ac.uk/courses-atoz.html]
[www.aston.ac.uk/sites/default/files/2021-12/Open day 016.jpg]
[www.aston.ac.uk/sites/default/files/styles/ui_card_image_800x600/public/2020-12/aston-formula-student-ui1fbc.jpg]
[www.aston.ac.uk/open-days.html]
[www.aston.ac.uk/sites/default/files/styles/ui_card_image_800x600/public/2021-01/aston-ssh-society-matters-podcast-postgraduate-ui-card9b25.jpg]
[www.aston.ac.uk/sites/default/files/css/css_v8jMldug4hAANr7hXt0ExbFYPlSo9G1Vt3OTWjiP60w.css]
[www.aston.ac.uk/sites/default/files/2022-05/aston-student-general-banner.jpg]
[www.aston.ac.uk/sites/default/files/styles/ui_card_image_800x600/public/2021-01/aston-ssh-society-matters-podcast-undergraduate-ui-card0de6.jpg]
[www.aston.ac.uk/sites/default/files/styles/ui_card_image_800x600/public/2020-11/postgraduate-wellbeing-card0981.jpg]
[www.aston.ac.uk/sites/default/files/styles/ui_card_image_800x600/public/2020-07/aston-online5574.jpg]
[www.aston.ac.uk/sites/default/files/styles/ui_card_image_800x600/public/2021-11/aston-degree-apprenticeship-karina-kapina-uif61d.jpg]
[www.aston.ac.uk/sites/default/files/styles/ui_card_image_800x600/public/2021-04/Aston-university-campus-study-phd1563.jpg]
[www.aston.ac.uk/sites/default/files/styles/ui_card_image_800x600/public/2021-04/Business stock 001 (1)ef99.jpg]
[www.aston.ac.uk/sites/default/files/styles/ui_card_image_800x600/public/2020-06/english-literature-and-international-relations-BSc-hons-hero-mob-04-05-20.2db595d]
[www.aston.ac.uk/sites/default/files/styles/ui_card_image_800x600/public/2020-04/International-Business-and-Management-BSc-hero-mob-23-04-20f6e5.jpg]
[cdn.unibuddy.co/unibuddy-carousel.js]
[www.aston.ac.uk/sites/default/files/2022-03/aston-Krina-Shah-campus-hero_0.jpg]
[www.aston.ac.uk/sites/default/files/styles/ui_card_image_800x600/public/2021-06/PG-accommodation70d0.jpg]
[www.aston.ac.uk/study.html]
[www.aston.ac.uk/sites/default/files/styles/ui_card_image_800x600/public/2020-06/business-management-and-english-language-BSc-hons-hero-mob-30-04-20.2e3cc0c.delay]
[www.aston.ac.uk/courses/aston-foundation-centre.html]
[www.aston.ac.uk/sites/default/files/2020-11/undergraduate-study-banner.-23-11-2020.jpg]
[www.aston.ac.uk/sites/default/files/styles/ui_card_image_800x600/public/2020-11/open-day-card-23-11-20209231.jpg]
[www.aston.ac.uk/sites/default/files/styles/ui_card_image_800x600/public/2020-11/aston-uni4269.jpg]
[www.aston.ac.uk/sites/default/files/styles/ui_card_image_800x600/public/2020-11/why-choose-astone3b7.jpg]
[www.aston.ac.uk/sites/default/files/styles/ui_card_image_800x600/public/2020-11/your-wellbeinge9e9.jpg]
[www.aston.ac.uk/sites/default/files/styles/ui_card_image_800x600/public/2020-11/your-application-card17e4.jpg]
[www.aston.ac.uk/sites/default/files/styles/ui_card_image_800x600/public/2020-11/mature-students-card6e63.jpg]
[www.aston.ac.uk/sites/default/files/styles/ui_card_image_800x600/public/2020-11/parents-card8fdb.jpg]
[www.aston.ac.uk/sites/default/files/styles/ui_card_image_800x600/public/2020-11/live-chat-carddd2f.jpg]
[www.aston.ac.uk/sites/default/files/2022-02/Birmingham cityscape aerial view panoramic 2.jpg]
[www.aston.ac.uk/sites/default/files/astonuniversity-app-2020-2025.pdf]
[www.aston.ac.uk/undergraduate.html]
[www.aston.ac.uk/sites/default/files/2021-08/landing-page-aston-masters.jpg]
[www.aston.ac.uk/sites/default/files/2021-06/aston-postgraduate-monique-farquharson-MBA-2-hero.jpg]
[www.aston.ac.uk/sites/default/files/2021-07/Library 004 (1).jpg]
[www.aston.ac.uk/sites/default/files/styles/ui_card_image_800x600/public/2020-11/postgraduate-application-card5560.jpg]
[www.aston.ac.uk/sites/default/files/styles/ui_card_image_800x600/public/2022-06/graduation_2019_0176a99.jpg]
[www.aston.ac.uk/sites/default/files/styles/ui_card_image_800x600/public/2021-07/PG UK loans 560 x 414pxx_03ee3.jpg]
[www.aston.ac.uk/sites/default/files/styles/ui_card_image_800x600/public/2021-07/HELLO homepage image 640x500px5678.jpg]
[www.aston.ac.uk/sites/default/files/styles/ui_card_image_800x600/public/2021-06/aston-postgraduate-monique-farquharson-MBA-heroefc7.jpg]
[www.aston.ac.uk/sites/default/files/styles/ui_card_image_800x600/public/2020-11/your-wellbeing_056c6.jpg]
[www.aston.ac.uk/sites/default/files/styles/ui_card_image_800x600/public/2020-11/pg-courses-cardc407.jpg]
[www.aston.ac.uk/sites/default/files/styles/ui_card_image_800x600/public/2020-12/Students PG ABS 020_075e0.jpg]
[www.aston.ac.uk/sites/default/files/2021-02/banner inside aston.jpg]
[www.aston.ac.uk/sites/default/files/styles/ui_card_image_800x600/public/2021-03/Students PG ABS 0133abc.jpg]
[www.aston.ac.uk/sites/default/files/styles/ui_card_image_800x600/public/2020-11/accommodation-faq_034b6.jpg]
[www.aston.ac.uk/sites/default/files/2022-06/birmingham_cityscape_aerial_view_panoramic_1_0.jpg]
[www.aston.ac.uk/postgraduate.html]
[www.aston.ac.uk/sites/default/files/2021-07/digital-services-banner.jpg]
[www.aston.ac.uk/sites/default/files/styles/ui_card_image_800x600/public/2021-04/Engineering Systems and Management Degree Apprenticeships 0117f5a.jpg]
[www.aston.ac.uk/sites/default/files/styles/ui_card_image_800x600/public/2020-12/aston-student-profiles-ui8f87.jpg]
[www.aston.ac.uk/sites/default/files/styles/ui_card_image_800x600/public/2020-05/informtion-systems-and-business-analysis-hero-mob-24-04-20ce6b.jpg]
[www.aston.ac.uk/sites/default/files/styles/ui_card_image_800x600/public/2022-01/aston-logo3cf0.png]
[www.aston.ac.uk/sites/default/files/styles/ui_card_image_800x600/public/inline-images/free-online-festival-news5ac1.jpg]
[www.aston.ac.uk/sites/default/files/styles/ui_card_image_800x600/public/2020-12/aston-information-for-employees-ui801f.jpg]
[www.aston.ac.uk/degree-apprenticeships.html]
[www.aston.ac.uk/sites/default/files/2021-03/research defgrees .jpg]
[www.aston.ac.uk/sites/default/files/2021-01/knowledge-exchange-testimonial-image.jpg]
[www.aston.ac.uk/sites/default/files/styles/large/public/2021-01/knowledge-exchange-testimonial-image97b8.jpg]
[www.aston.ac.uk/sites/default/files/styles/ui_card_image_800x600/public/2021-02/ABS exterior0079bef.jpg]
[www.aston.ac.uk/sites/default/files/styles/ui_card_image_800x600/public/2021-02/aston-students-pg-abs-001c5e8.jpg]
[www.aston.ac.uk/postgraduate/research-degrees.html]
[www.aston.ac.uk/sites/default/files/css/css_PnvT0nvfPkq3SQY7L2jDEhih7316DA-cg-Jf84be_40.css]
[www.aston.ac.uk/sites/default/files/2021-02/CPD.png]
[www.aston.ac.uk/business/train-your-people/work-based-learning.html]
[www.aston.ac.uk/sites/default/files/js/js_9tO-RQweOS4RYYSn3tE-UwQFMPtzfDnpp7mfWn1hojU.js]
[www.aston.ac.uk/sites/default/files/2022-09/pg-acceptance-banner.jpg]
[www.aston.ac.uk/sites/default/files/styles/ui_card_image_800x600/public/2022-04/Birmingham bull ring523f.jpg]
[www.aston.ac.uk/sites/default/files/2022-09/here-for-reason-open-day-ui.jpg]
[www.aston.ac.uk/sites/default/files/styles/large/public/2022-09/here-for-reason-open-day-ui228e.jpg]
[www.aston.ac.uk/sites/default/files/styles/ui_card_image_800x600/public/2021-05/Basketball Club _Eagles_ 001696d.jpg]
[www.aston.ac.uk/sites/default/files/styles/ui_card_image_800x600/public/2021-02/au-nourish-aston-meal-plan00e4.jpg]
[www.aston.ac.uk/student-life.html]
[www.aston.ac.uk/sites/default/files/2022-01/welcome-week-2022-v2.jpg]
[www.aston.ac.uk/sites/default/files/2021-08/Campus map.pdf]
[www.aston.ac.uk/sites/default/files/2022-09/2022 UK pre-arrival guide.pdf]
[www.aston.ac.uk/sites/default/files/2021-07/aston-uni-welcome-week-2021.jpg]
[www.aston.ac.uk/sites/default/files/styles/large/public/2021-07/aston-uni-welcome-week-2021be30.jpg]
[www.aston.ac.uk/sites/default/files/inline-images/aston-uni-students-union-rep.jpg]
[www.aston.ac.uk/sites/default/files/inline-images/students-union-sign-up-rep.jpg]
[www.aston.ac.uk/core/assets/vendor/ckeditor/plugins/widget/images/handle.png]
[www.aston.ac.uk/sites/default/files/styles/ui_card_image_800x600/public/2021-07/aston-university-clearing-2021dbc4.jpg]
[www.aston.ac.uk/sites/default/files/styles/ui_card_image_800x600/public/2021-07/Students PG ABS 0155250.jpg]
[www.aston.ac.uk/sites/default/files/styles/ui_card_image_800x600/public/2021-04/Aston-university-group-students (2) (1)6d3c.jpg]
[www.aston.ac.uk/sites/default/files/styles/ui_card_image_800x600/public/2020-12/aston-eas-feedback-ui0972.jpg]
[www.aston.ac.uk/sites/default/files/2021-05/Campus exterior 014.jpg]
[www.aston.ac.uk/welcome-week.html]
[www.aston.ac.uk/sites/default/files/css/css_MXvSmcrDUnbt94_N-mdXJ_MWxbh6NeYew6kbkQcW56I.css]
[www.aston.ac.uk/sites/default/files/2020-11/birmingham-banner-22-11-2020.jpg]
[www.aston.ac.uk/sites/default/files/2020-11/made-in-brum.jpg]
[www.aston.ac.uk/sites/default/files/2020-11/more-canals-than-venice.jpg]
[www.aston.ac.uk/sites/default/files/2020-11/birmingham-museum-art-gallery.jpg]
[www.aston.ac.uk/sites/default/files/2020-11/ticket-to-anywhere.jpg]
[www.aston.ac.uk/sites/default/files/2020-11/food-for-thought.jpg]
[www.aston.ac.uk/sites/default/files/2020-11/library-of-birmingham.jpg]
[www.aston.ac.uk/sites/default/files/2020-11/hippodrome.jpg]
[www.aston.ac.uk/undergraduate/campus/birmingham.html]
[www.aston.ac.uk/sites/default/files/js/js_iRy4TZk5KkEwKIDe-zXPOEP2R9DQrhOBJnpmp2JQ2i0.js]
[www.aston.ac.uk/sites/default/files/css/css_lbfk4-8zfl4LVcGcdWg2T1HWvf2qHuBitntjjR4wryI.css]
[www.aston.ac.uk/sites/default/files/2020-11/accommodation-banner.jpg]
[www.aston.ac.uk/sites/default/files/2020-11/accommodation-new-students-card.jpg]
[www.aston.ac.uk/sites/default/files/2020-11/accommodation-returning-students-card.jpg]
[www.aston.ac.uk/sites/default/files/2020-11/accommodation-faq.jpg]
[www.aston.ac.uk/sites/default/files/2020-11/residence-tutor.jpg]
[www.aston.ac.uk/sites/default/files/2020-11/accommodation-covid-info.jpg]
[www.aston.ac.uk/undergraduate/your-application/accommodation.html]
[www.aston.ac.uk/sites/default/files/2021-07/support-services-banner.jpg]
[www.aston.ac.uk/sites/default/files/styles/ui_card_image_800x600/public/2022-09/aston-counselling-students-ui52ef.jpg]
[www.aston.ac.uk/sites/default/files/styles/ui_card_image_800x600/public/2020-12/aston-mental-wellbeing-ui68ed.jpg]
[www.aston.ac.uk/sites/default/files/styles/ui_card_image_800x600/public/2022-09/aston-disability-and-academic-support-students-ui_0f1ae.jpg]
[www.aston.ac.uk/sites/default/files/styles/ui_card_image_800x600/public/2021-05/aston-landing-chaplaincy-banner6a75.jpg]
[www.aston.ac.uk/sites/default/files/2020-04/covid19-cdc-unsplash.jpg]
[www.aston.ac.uk/sites/default/files/styles/ui_card_image_800x600/public/2022-09/gym_weights_035fe1d.jpg]
[www.aston.ac.uk/current-students/health-and-wellbeing.html]
[www.aston.ac.uk/sites/default/files/2021-02/campus library 001_0.jpg]
[kit.fontawesome.com/43795a2492.js]
[kit-free.fontawesome.com/releases/latest/css/free.min.css]
[kit-free.fontawesome.com/releases/latest/css/free-v4-font-face.min.css]
[kit-free.fontawesome.com/releases/latest/css/free-v4-shims.min.css]
[libapps-eu.s3.amazonaws.com/accounts/14704/images/smartsearchpurple2.png]
[www.aston.ac.uk/sites/default/files/styles/ui_card_image_800x600/public/2020-03/top-10-books-every-college-student-read-e14640231248694381.jpg]
[www.aston.ac.uk/sites/default/files/styles/ui_card_image_800x600/public/2021-06/Business stock 0096042.jpg]
[www.aston.ac.uk/sites/default/files/styles/ui_card_image_800x600/public/2020-02/library-003eaa2.png]
[www.aston.ac.uk/sites/default/files/styles/ui_card_image_800x600/public/2021-05/aston-student-hub-ui7226.jpg]
[www.aston.ac.uk/sites/default/files/styles/ui_card_image_800x600/public/2021-02/aston-library-0104cf6.jpg]
[www.aston.ac.uk/sites/default/files/styles/ui_card_image_800x600/public/2021-06/Ask the library (1)c42a.png]
[www.aston.ac.uk/sites/default/files/styles/ui_card_image_800x600/public/2020-12/research-and-funding-aipt-card7027.jpg]
[www.aston.ac.uk/library.html]
[www.aston.ac.uk/research.html]
[www.aston.ac.uk/research/ref.html]
[www.aston.ac.uk/research/research-impact.html]
[www.aston.ac.uk/research/supporting-our-researchers.html]
[www.aston.ac.uk/research/knowledge-exchange.html]
[www.aston.ac.uk/research/rke-team.html]
[www.aston.ac.uk/graduate-school.html]
[www.aston.ac.uk/expert.html]
[www.aston.ac.uk/business.html]
[www.aston.ac.uk/bookmarked-courses.html]
[www.aston.ac.uk/courses/undergraduate-degrees.html]
[www.aston.ac.uk/courses/degree-apprenticeships.html]
[www.aston.ac.uk/courses/postgraduate-mamsc-courses.html]
[www.aston.ac.uk/courses/mba.html]
[www.aston.ac.uk/courses/continuing-professional-development.html]
[www.aston.ac.uk/courses/work-based-learning.html]
[www.aston.ac.uk/courses/research-degreesphd.html]
[www.aston.ac.uk/courses/aston-online-degrees.html]
[www.aston.ac.uk/courses/business.html]
[www.aston.ac.uk/courses/computer-science.html]
[www.aston.ac.uk/courses/engineering-and-physical-sciences.html]
[www.aston.ac.uk/courses/english.html]
[www.aston.ac.uk/courses/history.html]
[www.aston.ac.uk/courses/law.html]
[www.aston.ac.uk/courses/life-sciences.html]
[www.aston.ac.uk/courses/mathematics.html]
[www.aston.ac.uk/courses/medicine-and-health-sciences.html]
[www.aston.ac.uk/courses/politics-and-international-relations.html]
[www.aston.ac.uk/courses/sociology-and-policy.html]
[www.aston.ac.uk/courses/translation.html]
[www.aston.ac.uk/research/cop27.html]
[www.aston.ac.uk/latest-news/ref-2021-highlights-world-leading-research-aston-university.html]
[www.aston.ac.uk/international/index.html]
[www.aston.ac.uk/current-students/support-services.html]
[www.aston.ac.uk/latest-news/aston-university-showcase-project-helping-smes-move-net-zero-future.html]
[www.aston.ac.uk/latest-news/aston-university-promotes-its-knowledge-transfer-partnerships-annual-networking-event.html]
[www.aston.ac.uk/events/was-pandemic-response-ethical-how-prepared-are-we-next-one.html]
[www.aston.ac.uk/events/lab-made-meat-menu.html]
[www.aston.ac.uk/events.html]
[www.aston.ac.uk/international/aston-in-your-country/north-east-asia/china/wechat.html]
[www.aston.ac.uk/bss/aston-business-school.html]
[www.aston.ac.uk/bss/aston-law-school.html]
[www.aston.ac.uk/hls/aston-medical-school.html]
[www.aston.ac.uk/hls/aston-pharmacy-school.html]
[www.aston.ac.uk/hls/school-of-biosciences.html]
[www.aston.ac.uk/eps/engineering-and-technology.html]
[www.aston.ac.uk/eps/informatics-and-digital-engineering.html]
[www.aston.ac.uk/eps/infrastructure-and-sustainable-engineering.html]
[www.aston.ac.uk/hls/school-of-optometry.html]
[www.aston.ac.uk/hls/school-of-psychology.html]
[www.aston.ac.uk/bss/social-sciences-and-humanities.html]
[www.aston.ac.uk/current-students/support-services/the-hub.html]
[www.aston.ac.uk/latest-news/press-team.html]
[www.aston.ac.uk/sro.html]
[www.aston.ac.uk/about/visit.html]
[www.aston.ac.uk/about/departments.html]
[www.aston.ac.uk/sites/default/files/2021-04/Students PG ABS 019 (1).jpg]
[www.aston.ac.uk/information/accessibility-statement.html]
[www.aston.ac.uk/sites/default/files/2020-12/aston-computer-science-hero.jpg]
[www.aston.ac.uk/information/cookies.html]
[www.aston.ac.uk/information/disclaimer.html]
[www.aston.ac.uk/sites/default/files/2020-11/open-access-banner-22-11-2020.jpg]
[www.aston.ac.uk/sites/default/files/2021-03/tuition-fees-2021-infographic.pdf]
[www.aston.ac.uk/sites/default/files/styles/ui_card_image_800x600/public/2021-02/aston-business-stock-00618f3.jpg]
[www.aston.ac.uk/sites/default/files/styles/ui_card_image_800x600/public/2022-07/external-contracts-register-aston-university-banner564b.png]
[www.aston.ac.uk/about/statutes-ordinances-regulations/publication-scheme.html]
[www.aston.ac.uk/sites/default/files/styles/ui_card_image_800x600/public/2022-10/glenn-carstens-peters-npxxwgq33zq-unsplashb672.jpg]
[www.aston.ac.uk/sites/default/files/2020-12/aston-law-school-hero.jpg]
[www.aston.ac.uk/sites/default/files/Quality Manual - v12 November 2021.pdf]
[www.aston.ac.uk/sites/default/files/Modern Slavery Act - Aston University.pdf]
[www.aston.ac.uk/about/statutes-ordinances-regulations/publication-scheme/governance-compliance.html]
[www.aston.ac.uk/sites/default/files/css/css_r1c7OeCytucb0w3sRUZpQomF7O9qcnUi59npOtRWdjI.css]
[www.aston.ac.uk/sites/default/files/Privacy Notice - Students and Prospective Students - October 2021.pdf]
[www.aston.ac.uk/sites/default/files/privacy-notice-alumni-february-2021.pdf]
[www.aston.ac.uk/sites/default/files/Privacy Notice - Working at Aston - October 2021.pdf]
[www.aston.ac.uk/sites/default/files/privacy-notice-research-participants-non-medical-february-2021.pdf]
[www.aston.ac.uk/sites/default/files/privacy-notice-research-participants-medical-hra-february-2021.pdf]
[www.aston.ac.uk/sites/default/files/privacy-notice-research-participants-medical-non-hra-february-2021.pdf]
[www.aston.ac.uk/sites/default/files/privacy-notice-patient-clinics-february-2021.pdf]
[www.aston.ac.uk/sites/default/files/2022-10/privacy_notice_-_university_facilities_-_october_2022_0.pdf]
[www.aston.ac.uk/sites/default/files/privacy-notice-university-law-clinics-february-2021.pdf]
[www.aston.ac.uk/sites/default/files/privacy-notice-media-short-courses-and-events-february-2021.pdf]
[www.aston.ac.uk/sites/default/files/privacy-notice-conference-aston-february-2021.pdf]
[www.aston.ac.uk/sites/default/files/privacy-notice-members-of-council-february-2021.pdf]
[www.aston.ac.uk/about/statutes-ordinances-regulations/publication-scheme/policies-regulations/data-protection/privacy-notices.html]
[www.aston.ac.uk/core/misc/icons/e32700/error.svg]
[www.aston.ac.uk/core/misc/icons/e29700/warning.svg]
[www.aston.ac.uk/core/misc/icons/73b355/check.svg]
[www.aston.ac.uk/core/misc/icons/787878/twistie-down.svg]
[www.aston.ac.uk/core/misc/icons/787878/twistie-up.svg]
[www.aston.ac.uk/modules/contrib/video_embed_field/css/icons/play.svg]
[www.aston.ac.uk/modules/custom/aston_global_banner/assets/images/right-arrow.svg]
[www.aston.ac.uk/themes/custom/aston_university/bootstrap/assets/fonts/bootstrap/glyphicons-halflings-regular.svg]
[www.aston.ac.uk/themes/custom/aston_university/images/mortar-board-large-white.svg]
[www.aston.ac.uk/themes/custom/aston_university/images/bookmark-large-grey.svg]
[www.aston.ac.uk/themes/custom/aston_university/images/grid-grey.svg]
[www.aston.ac.uk/themes/custom/aston_university/images/list-grey.svg]
[www.aston.ac.uk/themes/custom/aston_university/images/bookmark-large-purple.svg]
[www.aston.ac.uk/themes/custom/aston_university/images/tick-small-purple.svg]
[www.aston.ac.uk/themes/custom/aston_university/images/search.svg]
[www.aston.ac.uk/themes/custom/aston_university/images/looking-glass-large-grey.svg]
[www.aston.ac.uk/themes/custom/aston_university/images/social-facebook-white.svg]
[www.aston.ac.uk/themes/custom/aston_university/images/social-twitter-white.svg]
[www.aston.ac.uk/themes/custom/aston_university/images/social-instagram-white.svg]
[www.aston.ac.uk/themes/custom/aston_university/images/social-linkedin-white.svg]
[www.aston.ac.uk/themes/custom/aston_university/images/social-youtube-white.svg]
[www.aston.ac.uk/themes/custom/aston_university/images/social-snapchat-white.svg]
[www.aston.ac.uk/themes/custom/aston_university/images/social-tsr-white.svg]
[www.aston.ac.uk/themes/custom/aston_university/images/social-pencil-white.svg]
[www.aston.ac.uk/themes/custom/aston_university/images/social-chat-white.svg]
[www.aston.ac.uk/themes/custom/aston_university/images/bookmark-large-white.svg]
[www.aston.ac.uk/themes/custom/aston_university/images/upwards.svg]
[www.aston.ac.uk/themes/custom/aston_university/images/right-arrow.svg]
[www.aston.ac.uk/themes/custom/aston_university/images/play-btn.svg]
[www.aston.ac.uk/themes/custom/aston_university/images/clock_icon.svg]
[www.aston.ac.uk/themes/custom/aston_university/images/btt.svg]
[www.aston.ac.uk/libraries/slick/slick/ajax-loader.gif]
[www.aston.ac.uk/libraries/slick/slick/fonts/slick.eot]
[www.aston.ac.uk/libraries/slick/slick/fonts/slickd41d.eot]
[www.aston.ac.uk/libraries/slick/slick/fonts/slick.woff]
[www.aston.ac.uk/libraries/slick/slick/fonts/slick.ttf]
[www.aston.ac.uk/sites/default/files/css/css_BDpjiTfpP2igYkbgWp2CiBK34iaRRYkfvIHEcliyTJY.css]
[www.aston.ac.uk/sites/default/files/css/css_JPLXieIPecGFkdxDdkQVOiOKKgZvQjWW2MkcvYHEvUM.css]
[www.aston.ac.uk/sites/default/files/css/css_ZITZWJSXiMArvHZuT_rgF29YNkLCgCMfS1uxZj6wGN8.css]
[www.aston.ac.uk/libraries/slick/slick/fonts/slick.svg]
[www.aston.ac.uk/sites/default/files/css/css_pH2iJd9qgW-Rp3_88yMpZ_nye-Jiwoq8iZEQjfQSofY.css]
[www.aston.ac.uk/sites/default/files/2021-06/faces of change website banner 1920px x 500px .jpg]
[www.aston.ac.uk/sites/default/files/Our-Principles-21.pdf]
[www.aston.ac.uk/sites/default/files/inline-images/aleks-leadership-page.jpg]
[www.aston.ac.uk/sites/default/files/Prevention-of-Fraud-Policy.pdf]
[www.aston.ac.uk/sites/default/files/Prevention-of-Money-Laundering-Policy.pdf]
[www.aston.ac.uk/sites/default/files/Anti-Facilitation-of-Tax-Evasion-Policy_0.pdf]
[www.aston.ac.uk/sites/default/files/Import-Controls-Policy_0.pdf]
[www.aston.ac.uk/sites/default/files/Export-Controls-and-Trade-Sanctions-Policy.pdf]
[www.aston.ac.uk/sites/default/files/Financial-Sanctions-Policy.pdf]
[www.aston.ac.uk/sites/default/files/Immigration-Law-Compliance-Policy.pdf]
[www.aston.ac.uk/sites/default/files/2022-10/ukvi_monitoring_and_engagement_policy.pdf]
[www.aston.ac.uk/sites/default/files/2022-11/global_mobility_policy_0.pdf]
[www.aston.ac.uk/sites/default/files/Policy-on-Register-of-Staff-Interests-and-Declaration-of-Interests.pdf]
[www.aston.ac.uk/sites/default/files/Public-Affairs-Policy.pdf]
[www.aston.ac.uk/sites/default/files/Anti-Bribery-Policy.pdf]
[www.aston.ac.uk/sites/default/files/Anti-Modern-Slavery-Policy.pdf]
[www.aston.ac.uk/sites/default/files/Tuition-Fee-Charging-Policy_1.pdf]
[www.aston.ac.uk/sites/default/files/Competition-Law-Compliance-Policy.pdf]
[www.aston.ac.uk/sites/default/files/Student-Refund-and-Compensation-Policy.pdf]
[www.aston.ac.uk/sites/default/files/Fundraising-Policy.pdf]
[www.aston.ac.uk/sites/default/files/Treasury-Management-and-Financial-Investment-Policy.pdf]
[www.aston.ac.uk/sites/default/files/Ethical-Investment-Policy.pdf]
[www.aston.ac.uk/sites/default/files/Procurement-Policy.pdf]
[www.aston.ac.uk/sites/default/files/Senior-Pay-Policy.pdf]
[www.aston.ac.uk/sites/default/files/Admissions-Policy-21.pdf]
[www.aston.ac.uk/sites/default/files/Dependency-Care-Compassionate-and-Bereavement-Leave-Policy.pdf]
[www.aston.ac.uk/sites/default/files/Consultancy-Policy.pdf]
[www.aston.ac.uk/sites/default/files/Disciplinary-Policy-and-Procedure.pdf]
[www.aston.ac.uk/sites/default/files/Grievance-Policy-Support-Staff-V2-Oct21.pdf]
[www.aston.ac.uk/sites/default/files/Maternity-and-Adoption-Leave-Policy-21.pdf]
[www.aston.ac.uk/sites/default/files/Parliamentary-Leave-Policy.pdf]
[www.aston.ac.uk/sites/default/files/Performance-Management-Policy.pdf]
[www.aston.ac.uk/sites/default/files/Personal-Relationships-Policy-and-Procedure-21.pdf]
[www.aston.ac.uk/sites/default/files/Prevention-of-Bullying-and-Harassment-Policy-2021.pdf]
[www.aston.ac.uk/sites/default/files/Probation-Procedure-Academic-Staff.pdf]
[www.aston.ac.uk/sites/default/files/Probationary-Procedure-Support-Staff-21.pdf]
[www.aston.ac.uk/sites/default/files/Recruitment-and-Selection-Policy-and-Procedure.pdf]
[www.aston.ac.uk/sites/default/files/Recruitment-and-Employment-of-Ex-Offenders-Policy-v2.pdf]
[www.aston.ac.uk/sites/default/files/Relocation-Policy.pdf]
[www.aston.ac.uk/sites/default/files/Shared-Parental-Leave-Policy.pdf]
[www.aston.ac.uk/sites/default/files/Sickness-Absence-Policy-and-Procedure.pdf]
[www.aston.ac.uk/sites/default/files/Grievance Policy and Procedure - October 2021.pdf]
[www.aston.ac.uk/sites/default/files/Health-and-Safety-Policy.pdf]
[www.aston.ac.uk/sites/default/files/Business-Continuity-Policy-21.pdf]
[www.aston.ac.uk/sites/default/files/Policy-on-Supporting-Disabled-Workers.pdf]
[www.aston.ac.uk/sites/default/files/Dynamic-Working-Policy-21.pdf]
[www.aston.ac.uk/sites/default/files/Equality-and-Diversity-Policy-Statement.pdf]
[www.aston.ac.uk/sites/default/files/Flexible-Working-The-Right-to-Apply.pdf]
[www.aston.ac.uk/sites/default/files/Freedom-of-Expression-Policy.pdf]
[www.aston.ac.uk/sites/default/files/Whistleblowing-Policy-November-2021.pdf]
[www.aston.ac.uk/sites/default/files/Safeguarding-Concern-Policy-April-2022.pdf]
[www.aston.ac.uk/sites/default/files/Student-Complaints-Purpose-and-Principles-Statement.pdf]
[www.aston.ac.uk/sites/default/files/Student-Complaints-Procedure-August 2021.pdf]
[www.aston.ac.uk/sites/default/files/Formal-Complaint-Form.docx]
[www.aston.ac.uk/sites/default/files/Complaint-Outcome-Review-Request-Form.docx]
[www.aston.ac.uk/sites/default/files/Corporate-Social-Responsibility-Policy.pdf]
[www.aston.ac.uk/sites/default/files/Marketing-and-Communications-Policy.pdf]
[www.aston.ac.uk/sites/default/files/Social-Media-Policy.pdf]
[www.aston.ac.uk/sites/default/files/Financial-and-Contracting-Policy.pdf]
[www.aston.ac.uk/sites/default/files/Information-Management-Policy.pdf]
[www.aston.ac.uk/sites/default/files/IT-Acceptable-Use-Policy.pdf]
[www.aston.ac.uk/sites/default/files/IT-Monitoring-Policy.pdf]
[www.aston.ac.uk/sites/default/files/IT Security Policy.pdf]
[www.aston.ac.uk/sites/default/files/IT Remote Working Policy.pdf]
[www.aston.ac.uk/sites/default/files/Privacy-Policy.pdf]
[www.aston.ac.uk/sites/default/files/Policy on Naming of Bulidings and Facilities.pdf]
[www.aston.ac.uk/sites/default/files/Intellectual-Property-Policy.pdf]
[www.aston.ac.uk/sites/default/files/Sustainability Policy.pdf]
[www.aston.ac.uk/sites/default/files/Strategic-Risk-Management-Policy.pdf]
[www.aston.ac.uk/sites/default/files/Personal-Tutoring-Policy.pdf]
[www.aston.ac.uk/sites/default/files/au-gsmc-19-2628-c-general-regulations-for-degrees-by-research-and-thesis-2020-21-finalv2.pdf]
[www.aston.ac.uk/sites/default/files/au-gsmc-19-2629-c-general-regulations-for-the-presentation-of-theses-2020-21-finalv2.pdf]
[www.aston.ac.uk/sites/default/files/au-gsmc-19-2630-b-research-regs-for-aston-staff-and-graduate-candidates-for-dsc-and-phd-by-previously-published-work-2020-21-]
[www.aston.ac.uk/sites/default/files/code-of-practice-for-research-degrees-2020-21.pdf]
[www.aston.ac.uk/sites/default/files/Aston-Open-Access-Interim-Policy-Feb-2021.pdf]
[www.aston.ac.uk/sites/default/files/Aston_Open_Access_Publications_repositories_governance_policy_2018.pdf]
[www.aston.ac.uk/sites/default/files/Aston_Research_Data_Management_Policy_-_AU-RC-19-2386-A.pdf]
[www.aston.ac.uk/sites/default/files/Aston_Data_Explorer_governance_policy.pdf]
[www.aston.ac.uk/sites/default/files/Aston_Publications_Policy_February_2020.pdf]
[www.aston.ac.uk/sites/default/files/Policy_for_Responsible_use_of_Research_metrics_Feb_2020.pdf]
[www.aston.ac.uk/about/principles-and-policies.html]
[www.aston.ac.uk/sites/default/files/styles/ui_card_image_800x600/public/2020-12/spoken intercationbafb.jpg]
[www.aston.ac.uk/sites/default/files/styles/ui_card_image_800x600/public/2022-06/student-finance-abs-buildingdb37.jpg]
[www.aston.ac.uk/about/our-values.html]
[www.aston.ac.uk/sites/default/files/styles/ui_card_image_800x600/public/2020-12/pg-courses-cardda19.jpg]
[www.aston.ac.uk/sites/default/files/2020-04/campus-exterior-aston-university_1.jpg]
[www.aston.ac.uk/sites/default/files/styles/ui_card_image_800x600/public/2020-12/aston-business-school-research-hero7a9d.jpg]
[www.aston.ac.uk/sites/default/files/styles/ui_card_image_800x600/public/2021-03/BusinessSuccess47f2.png]
[www.aston.ac.uk/about/statutes-ordinances-regulations.html]
[www.aston.ac.uk/sites/default/files/css/css_Mi1CysIGFSF1itmb0jx2SqASkWt69FcA725xUcPUeNM.css]
[www.aston.ac.uk/sites/default/files/css/css_7imT4h5KzNoOvP4Dj36FQr6MwraKnLC2OC7e9-fCk5c.css]
[www.aston.ac.uk/staff-public/hr/bookmarked-courses.html]
[www.aston.ac.uk/sites/default/files/2022-08/hr-banner-home.jpg]
[www.aston.ac.uk/sites/default/files/styles/ui_card_image_800x600/public/2022-08/aston-staff-portal-hr-ui-card_17b9f.png]
[www.aston.ac.uk/sites/default/files/styles/ui_card_image_800x600/public/2022-08/aston-policies-hr-ui-cardab47.png]
[www.aston.ac.uk/sites/default/files/styles/ui_card_image_800x600/public/2022-08/aston-recruiting-hr-ui-card98a9.png]
[www.aston.ac.uk/sites/default/files/styles/ui_card_image_800x600/public/2022-08/aston-new-employees-hr-ui-card3638.png]
[www.aston.ac.uk/sites/default/files/styles/ui_card_image_800x600/public/2022-08/aston-organisational-development-ui-card_0157e.png]
[www.aston.ac.uk/sites/default/files/styles/ui_card_image_800x600/public/2022-08/aston-payroll-hr-ui-cardf3f7.png]
[www.aston.ac.uk/sites/default/files/styles/ui_card_image_800x600/public/2022-08/aston-benefits-hr-ui-card144a.png]
[www.aston.ac.uk/sites/default/files/styles/ui_card_image_800x600/public/2022-08/aston-diversity-hr-ui-carde930.png]
[www.aston.ac.uk/sites/default/files/2022-08/managing-remote-working.pdf]
[www.aston.ac.uk/sites/default/files/2022-08/hr-structure.pdf]
[www.aston.ac.uk/sites/default/files/2022-08/aston-people-2020-final-2015.pdf]
[www.aston.ac.uk/staff-public/hr.html]
[www.aston.ac.uk/sites/default/files/2022-05/academic-recruitment-hero1_0.jpg]
[www.aston.ac.uk/sites/default/files/2022-05/academic-recruitment-hero-mobile.jpg]
[www.aston.ac.uk/sites/default/files/styles/ui_card_image_800x600/public/2022-05/bss-montage301a.jpg]
[www.aston.ac.uk/sites/default/files/styles/ui_card_image_800x600/public/2022-05/eps-montaged291.jpg]
[www.aston.ac.uk/sites/default/files/styles/ui_card_image_800x600/public/2022-05/hls-montage8a8f.jpg]
[www.aston.ac.uk/sites/default/files/inline-images/guardian-2022-aston-university-ui-card.jpg]
[www.aston.ac.uk/sites/default/files/inline-images/Graduation-aston-university-054.jpg]
[www.aston.ac.uk/sites/default/files/inline-images/IHN-aston-university.jpg]
[www.aston.ac.uk/sites/default/files/2022-05/academic-jobs-aston-uni.jpg]
[www.aston.ac.uk/sites/default/files/styles/large/public/2022-05/academic-jobs-aston-uni8375.jpg]
[www.aston.ac.uk/academic-jobs.html]
[www.aston.ac.uk/sites/default/files/2022-08/progress-hr-banner.jpg]
[www.aston.ac.uk/staff-public/hr/Benefits-and-Rewards.html]
[www.aston.ac.uk/sites/default/files/2022-09/skill-level-supplimentary-sheet (1).pdf]
[www.aston.ac.uk/sites/default/files/2022-09/minimum-salary-requirements-met-tab (1).pdf]
[www.aston.ac.uk/sites/default/files/2022-09/minimum-salary-tradeable-points-information-link (1).pdf]
[www.aston.ac.uk/sites/default/files/2022-09/faq-overseas (1).pdf]
[www.aston.ac.uk/sites/default/files/2022-09/faq-in-country (1).pdf]
[www.aston.ac.uk/sites/default/files/2022-09/overview-of-the-global-talent-visa (1).pdf]
[www.aston.ac.uk/sites/default/files/styles/large/public/2022-08/global-talent-visa8498.png]
[www.aston.ac.uk/sites/default/files/2022-09/visa-loan-scheme-for-international-staff-final (1).pdf]
[www.aston.ac.uk/staff-public/hr/jobs/candidate-immigration.html]
[www.aston.ac.uk/sites/default/files/Prevention of Bullying and Harassment Policy.pdf]
[www.aston.ac.uk/sites/default/files/styles/ui_card_image_800x600/public/2021-04/Aston-university-students-phd-ipad (1)a362.jpg]
[www.aston.ac.uk/sites/default/files/styles/ui_card_image_800x600/public/2021-02/aston-business-stock-005dc7d.jpg]
[www.aston.ac.uk/sites/default/files/styles/ui_card_image_800x600/public/2020-12/aston-foundtion-centre-card7840.jpg]
[www.aston.ac.uk/sites/default/files/Campus-map-20176243.pdf]
[www.aston.ac.uk/sites/default/files/styles/ui_card_image_800x600/public/2020-03/960x0_01a2f.jpg]
[www.aston.ac.uk/sites/default/files/styles/ui_card_image_800x600/public/2021-05/Chaplaincy 024 (1)aada.jpg]
[www.aston.ac.uk/sites/default/files/styles/ui_card_image_800x600/public/2021-04/Campus exterior 017 (1) (1)755d.jpg]
[www.aston.ac.uk/sites/default/files/styles/ui_card_image_800x600/public/2021-02/aston-ssh-english-ui-card08aa.jpg]
[www.aston.ac.uk/sites/default/files/styles/ui_card_image_800x600/public/2020-04/business-and-management-BSc-hons-hero-08-04-20-mob_00c9d.jpg]
[www.aston.ac.uk/sites/default/files/lanyard-resources.docx]
[www.aston.ac.uk/sites/default/files/lgbt-constitution-v2.docx]
[www.aston.ac.uk/sites/default/files/styles/ui_card_image_800x600/public/2020-12/impact-case-study-example689f.jpg]
[www.aston.ac.uk/sites/default/files/Speak up_leaflet October 2015.pdf]
[www.aston.ac.uk/sites/default/files/styles/ui_card_image_800x600/public/2021-02/aston-students-pg-abs-008eb73.jpg]
[www.aston.ac.uk/sites/default/files/styles/ui_card_image_800x600/public/2020-06/Students 079 (1)_036b6.jpg]
[www.aston.ac.uk/sites/default/files/styles/ui_card_image_800x600/public/2020-04/international-business-modern-languages-BSc-hons-French-German-Spanish-Mandarin-C]
[www.aston.ac.uk/sites/default/files/styles/ui_card_image_800x600/public/2020-05/Health-Psychology-MSc-Online-hero-mob-27-04-20f4d2.jpg]
[www.aston.ac.uk/sites/default/files/EDI campaigns digital-.pdf]
[www.aston.ac.uk/about/our-values/inclusive-aston.html]
[www.aston.ac.uk/sites/default/files/css/css_N1fjwp3sCE7GgM8XyLuh6wn19cVPDYPZgr0akoh5vlg.css]
[www.aston.ac.uk/sites/default/files/css/css_nACgfOGuurrJoT3lK4OoximTaVMdU2GtxYHPMbm9F6c.css]
[www.aston.ac.uk/sites/default/files/css/css_XViDKbTBkfBOZRdKXF3Pb635Iu6g0M7A4403zghqui8.css]
[www.aston.ac.uk/sites/default/files/inline-images/MOU signing with Bham women's hosp.png]
[www.aston.ac.uk/latest-news/aston-university-and-birmingham-womens-and-childrens-nhs-foundation-trust-join-forces.html]
[www.aston.ac.uk/sites/default/files/inline-images/PACE food image RSZ.jpeg.png]
[www.aston.ac.uk/latest-news/workplace-cafeteria-study-finds-no-evidence-physical-activity-calorie-equivalent.html]
[www.aston.ac.uk/sites/default/files/inline-images/Aston Means Business Pensions- news2.jpg]
[www.aston.ac.uk/latest-news/podcast-pension-experts-mission-improve-financial-planning-later-life.html]
[www.aston.ac.uk/sites/default/files/inline-images/Deb Leary.jpg]
[www.aston.ac.uk/latest-news/ceo-forensic-innovation-company-joins-aston-university-visiting-professor.html]
[www.aston.ac.uk/sites/default/files/inline-images/fashion2.jpg]
[www.aston.ac.uk/latest-news/aston-university-delivers-tailored-low-carbon-advice-clothes-designer-ahead-cop27.html]
[www.aston.ac.uk/sites/default/files/inline-images/inaugural lecture.jpg]
[www.aston.ac.uk/latest-news/leading-employment-expert-give-inaugural-lecture-aston-business-school.html]
[www.aston.ac.uk/sites/default/files/inline-images/Lucy Rackliff resize.jpg]
[www.aston.ac.uk/latest-news/aston-university-expert-calls-cop27-focus-sustainable-transport.html]
[www.aston.ac.uk/sites/default/files/inline-images/Jude Onwudili 001.jpg]
[www.aston.ac.uk/latest-news/aston-university-sustainable-fuels-expert-becomes-fellow-royal-society-chemistry.html]
[www.aston.ac.uk/sites/default/files/inline-images/gavel and headphones.jpg]
[www.aston.ac.uk/latest-news/automatic-speaker-recognition-technology-outperforms-human-listeners-courtroom-new.html]
[www.aston.ac.uk/sites/default/files/inline-images/alba furnace.jpg]
[www.aston.ac.uk/latest-news/aston-university-and-mechatherm-create-intelligent-design-process-furnaces-and.html]
[www.aston.ac.uk/latest-news5c80.html]
[www.aston.ac.uk/latest-news2c79.html]
[www.aston.ac.uk/sites/default/files/css/css_ecPO22c-OA9tYe8bUamtoAViFzws-tq2cTsym4uxiKU.css]
[www.aston.ac.uk/latest-news1d1e.html]
[www.aston.ac.uk/sites/default/files/js/js_QIg6upQHXwkw-ib5QuVKJnHhRU37k9Z7MV_VzHUlOFM.js]
[www.aston.ac.uk/latest-news26f5.html]
[www.aston.ac.uk/sites/default/files/js/js_NT8BhqQiKFT4K7eYo2OglQPXVE4K0sOgTwyczZBD2uE.js]
[www.aston.ac.uk/latest-news8521.html]
[www.aston.ac.uk/sites/default/files/js/js_C5DfgafvyblbPX23nZ7_UPPzYMNcXgUEM4-tlRuypRc.js]
[www.aston.ac.uk/expert/spotlights.html]
[www.aston.ac.uk/about/bookmarked-courses.html]
[www.aston.ac.uk/sites/default/files/styles/ui_card_image_800x600/public/2021-03/aston-chancellor-sir-john-sunderland-ui527d.jpg]
[www.aston.ac.uk/sites/default/files/styles/ui_card_image_800x600/public/2020-11/Dame Yve Bucklandf763.png]
[www.aston.ac.uk/sites/default/files/styles/ui_card_image_800x600/public/2022-08/saskia-loer-hansen-card_0f69c.jpg]
[www.aston.ac.uk/sites/default/files/styles/ui_card_image_800x600/public/2022-08/simon_greenb283.jpg]
[www.aston.ac.uk/sites/default/files/styles/ui_card_image_800x600/public/2021-03/Ruth_Ayresd796.png]
[www.aston.ac.uk/sites/default/files/styles/ui_card_image_800x600/public/2022-09/neil-scott-card7b33.jpg]
[www.aston.ac.uk/sites/default/files/styles/ui_card_image_800x600/public/2021-03/george-feiger-0013a3c.jpg]
[www.aston.ac.uk/sites/default/files/styles/ui_card_image_800x600/public/2022-05/stepehn-garrett-eps-exec-dean-ui4757.jpg]
[www.aston.ac.uk/sites/default/files/styles/ui_card_image_800x600/public/2022-08/anthony-hilton-au_17470.png]
[www.aston.ac.uk/sites/default/files/styles/ui_card_image_800x600/public/Mark Smith-Cropped-768x5133d8d.jpg]
[www.aston.ac.uk/sites/default/files/styles/ui_card_image_800x600/public/inline-images/au-campus-news-marketing-director2085.jpg]
[www.aston.ac.uk/sites/default/files/styles/ui_card_image_800x600/public/2021-03/R Billingham60f1.jpg]
[www.aston.ac.uk/sites/default/files/styles/ui_card_image_800x600/public/2022-08/aston-executive-staff-uif444.jpg]
[www.aston.ac.uk/about/governance-management/leadership-team.html]
[www.aston.ac.uk/sites/default/files/2020-04/campus-exterior-aston-university.jpg]
[www.aston.ac.uk/sites/default/files/styles/ui_card_image_800x600/public/2020-07/campus5952.jpg]
[www.aston.ac.uk/sites/default/files/styles/ui_card_image_800x600/public/2021-12/SoS-Psychology-Business-UIbb4f.jpg]
[www.aston.ac.uk/sites/default/files/styles/ui_card_image_800x600/public/2020-12/Meeting8f3a.jpg]
[www.aston.ac.uk/sites/default/files/styles/ui_card_image_800x600/public/2021-04/aston-law-campaign (1) (1)01bc.jpg]
[www.aston.ac.uk/about/governance-management/council-senate-committees.html]
[www.aston.ac.uk/sites/default/files/styles/ui_card_image_800x600/public/2020-12/aston-business-school-news-events-uib9fa.jpg]
[www.aston.ac.uk/sites/default/files/styles/large/public/2020-09/ebri-card-9-10-20201e27.jpg]
[www.aston.ac.uk/sites/default/files/styles/large/public/2021-06/Aston Brain Centre 005abf8.jpg]
[www.aston.ac.uk/sites/default/files/inline-images/Engineering Academy _AUEA_.jpg]
[www.aston.ac.uk/sites/default/files/styles/large/public/2020-11/ams5c09.jpg]
[www.aston.ac.uk/sites/default/files/inline-images/Ilias Hadeq 001.jpg]
[www.aston.ac.uk/sites/default/files/styles/large/public/2020-12/Data center9193.jpg]
[www.aston.ac.uk/about/history/timeline.html]
[www.aston.ac.uk/sites/default/files/2021-02/Graduation 011_0.jpg]
[www.aston.ac.uk/about/history/academic-dress.html]
[www.aston.ac.uk/sites/default/files/2022-08/aston-campus-banner_2_0.jpg]
[www.aston.ac.uk/sites/default/files/inline-images/Aston University Coat of Arms CMYK (1).jpg]
[www.aston.ac.uk/about/history/arms.html]
[www.aston.ac.uk/sites/default/files/2021-08/Graduation-banner.jpg]
[www.aston.ac.uk/sites/default/files/2022-08/Procedures and criteria for conferment of honorary degrees.docx]
[www.aston.ac.uk/about/history/honours.html]
[www.aston.ac.uk/sites/default/files/css/css_3XfK-I1gKUiwywlIBoDZUYPPWnN7JXW3BWN4IvPJTvQ.css]
[www.aston.ac.uk/sites/default/files/styles/ui_card_image_800x600/public/2022-04/creme-team-bannerfda2.png]
[www.aston.ac.uk/sites/default/files/styles/ui_card_image_800x600/public/inline-images/greater-birmingham-newsbe42.jpg]
[www.aston.ac.uk/sites/default/files/2021-02/working with business.jpg]
[www.aston.ac.uk/sites/default/files/styles/large/public/2021-02/working with business8daf.jpg]
[www.aston.ac.uk/sites/default/files/styles/ui_card_image_800x600/public/2021-02/aston-business-stock-00131ed.jpg]
[www.aston.ac.uk/research/bss/abs/centres-hubs/creme.html]
[www.aston.ac.uk/sites/default/files/css/css_NULYAj5XIfse6dbFoukpkO1akRHEqZd1aleb8dY12RM.css]
[www.aston.ac.uk/sites/default/files/2022-07/img_3506_1.jpg]
[www.aston.ac.uk/sites/default/files/2022-06/picture2_0.png]
[www.aston.ac.uk/sites/default/files/2022-06/cfg_hero_1_1.mp4]
[www.aston.ac.uk/sites/default/files/styles/ui_card_image_800x600/public/2021-09/aston-acg-help-to-grow35d0.jpg]
[www.aston.ac.uk/sites/default/files/styles/ui_card_image_800x600/public/2021-09/aston-small-business-growth6aa9.jpg]
[www.aston.ac.uk/sites/default/files/styles/ui_card_image_800x600/public/2022-08/main_imaged2fd.jpg]
[www.aston.ac.uk/sites/default/files/styles/ui_card_image_800x600/public/2020-05/Students 129ad15.jpg]
[www.aston.ac.uk/sites/default/files/styles/ui_card_image_800x600/public/2021-03/Goldman Sacs1a14.jpg]
[www.aston.ac.uk/sites/default/files/styles/ui_card_image_800x600/public/2021-03/student5ec2.png]
[www.aston.ac.uk/sites/default/files/styles/ui_card_image_800x600/public/2020-05/design-enterprise-and-innovation-MSci-hero-07-04-20-mob6168.jpg]
[www.aston.ac.uk/sites/default/files/styles/ui_card_image_800x600/public/2021-03/ercd9a2.png]
[www.aston.ac.uk/sites/default/files/styles/ui_card_image_800x600/public/2022-05/aston-gh-logo-ui-card808e.jpg]
[www.aston.ac.uk/sites/default/files/2021-03/Podcast recording 003.jpg]
[www.aston.ac.uk/sites/default/files/styles/large/public/2021-03/Podcast recording 0034480.jpg]
[www.aston.ac.uk/research/bss/abs/centres-hubs/aston-centre-for-growth.html]
[www.aston.ac.uk/sites/default/files/js/js_p7xM7Uz9fr4go40TJwO0hD6ry5pgty7Iy2SmAAZwYBw.js]
[www.aston.ac.uk/sites/default/files/2021-03/careers_placements_level_2_homepage_banner_students.jpg]
[www.aston.ac.uk/sites/default/files/styles/ui_card_image_800x600/public/2020-05/Forensic-Linguistics-MA-hero-27-04-20-hero-mob-27-04-207750.jpg]
[www.aston.ac.uk/sites/default/files/styles/ui_card_image_800x600/public/2021-02/careers-placement-placement-options-ui-card7710.jpg]
[www.aston.ac.uk/sites/default/files/styles/ui_card_image_800x600/public/2021-01/aston-ssh-society-matters-podcast-scholarships-ui-card82f8.jpg]
[www.aston.ac.uk/sites/default/files/styles/ui_card_image_800x600/public/2020-12/aston-abs-advanced-services-group-ui-card834e.jpg]
[www.aston.ac.uk/sites/default/files/styles/ui_card_image_800x600/public/2020-12/aston-mdb-industry-club-ui_08689.jpg]
[www.aston.ac.uk/sites/default/files/styles/ui_card_image_800x600/public/2020-12/aston-humanities-course-uia097.jpg]
[www.aston.ac.uk/sites/default/files/styles/ui_card_image_800x600/public/2020-12/aston-law-resources-ui8466.jpg]
[www.aston.ac.uk/sites/default/files/styles/ui_card_image_800x600/public/2021-02/careers-getexperience-summerschool-ui-card0b13.jpg]
